// Jest Snapshot v1, https://goo.gl/fbAQLP

exports[`<PlaylistForm/> createPlaylistAndAddTracks 1`] = `
<div
  className="playlist-form"
>
  <WithStyles(Button)
    color="primary"
    id="start_sp_button"
    variant="contained"
  >
    start
  </WithStyles(Button)>
  <TextField
    error={true}
    onChange={[Function]}
    placeholder="playlist name"
    required={false}
    select={false}
    style={
      Object {
        "padding": "5px",
      }
    }
    value=""
    variant="standard"
  />
  <div
    style={
      Object {
        "alignSelf": "center",
      }
    }
  >
    <WithStyles(Fab)
      color="secondary"
      id="genName_sp_button"
      onClick={[Function]}
    >
      <FontAwesomeIcon
        border={false}
        className=""
        fixedWidth={false}
        flip={null}
        icon={
          Object {
            "icon": Array [
              352,
              512,
              Array [],
              "f0eb",
              "M96.06 454.35c.01 6.29 1.87 12.45 5.36 17.69l17.09 25.69a31.99 31.99 0 0 0 26.64 14.28h61.71a31.99 31.99 0 0 0 26.64-14.28l17.09-25.69a31.989 31.989 0 0 0 5.36-17.69l.04-38.35H96.01l.05 38.35zM0 176c0 44.37 16.45 84.85 43.56 115.78 16.52 18.85 42.36 58.23 52.21 91.45.04.26.07.52.11.78h160.24c.04-.26.07-.51.11-.78 9.85-33.22 35.69-72.6 52.21-91.45C335.55 260.85 352 220.37 352 176 352 78.61 272.91-.3 175.45 0 73.44.31 0 82.97 0 176zm176-80c-44.11 0-80 35.89-80 80 0 8.84-7.16 16-16 16s-16-7.16-16-16c0-61.76 50.24-112 112-112 8.84 0 16 7.16 16 16s-7.16 16-16 16z",
            ],
            "iconName": "lightbulb",
            "prefix": "fas",
          }
        }
        inverse={false}
        listItem={false}
        mask={null}
        pull={null}
        pulse={false}
        rotation={null}
        size={null}
        spin={false}
        symbol={false}
        title=""
        transform={null}
      />
    </WithStyles(Fab)>
    <WithStyles(Fab)
      disabled={false}
      id="crt_pl_button"
      onClick={[Function]}
      title="Sorry you need to be logged to spotify to be able to add playlist"
    >
      <FontAwesomeIcon
        border={false}
        className=""
        fixedWidth={false}
        flip={null}
        icon={
          Object {
            "icon": Array [
              448,
              512,
              Array [],
              "f0c7",
              "M433.941 129.941l-83.882-83.882A48 48 0 0 0 316.118 32H48C21.49 32 0 53.49 0 80v352c0 26.51 21.49 48 48 48h352c26.51 0 48-21.49 48-48V163.882a48 48 0 0 0-14.059-33.941zM224 416c-35.346 0-64-28.654-64-64 0-35.346 28.654-64 64-64s64 28.654 64 64c0 35.346-28.654 64-64 64zm96-304.52V212c0 6.627-5.373 12-12 12H76c-6.627 0-12-5.373-12-12V108c0-6.627 5.373-12 12-12h228.52c3.183 0 6.235 1.264 8.485 3.515l3.48 3.48A11.996 11.996 0 0 1 320 111.48z",
            ],
            "iconName": "save",
            "prefix": "fas",
          }
        }
        inverse={false}
        listItem={false}
        mask={null}
        pull={null}
        pulse={false}
        rotation={null}
        size={null}
        spin={false}
        symbol={false}
        title=""
        transform={null}
      />
    </WithStyles(Fab)>
    <WithStyles(WithFormControlContext(FormControlLabel))
      control={
        <WithStyles(Checkbox)
          checked={false}
          color="primary"
          id="play_list_is_private"
          onChange={[Function]}
          value="private"
        />
      }
      label="private"
    />
  </div>
</div>
`;

exports[`<PlaylistForm/> renders without crashing 1`] = `
<div
  className="playlist-form"
>
  <WithStyles(Button)
    color="primary"
    id="start_sp_button"
    variant="contained"
  >
    start
  </WithStyles(Button)>
  <TextField
    error={true}
    onChange={[Function]}
    placeholder="playlist name"
    required={false}
    select={false}
    style={
      Object {
        "padding": "5px",
      }
    }
    value=""
    variant="standard"
  />
  <div
    style={
      Object {
        "alignSelf": "center",
      }
    }
  >
    <WithStyles(Fab)
      color="secondary"
      id="genName_sp_button"
      onClick={[Function]}
    >
      <FontAwesomeIcon
        border={false}
        className=""
        fixedWidth={false}
        flip={null}
        icon={
          Object {
            "icon": Array [
              352,
              512,
              Array [],
              "f0eb",
              "M96.06 454.35c.01 6.29 1.87 12.45 5.36 17.69l17.09 25.69a31.99 31.99 0 0 0 26.64 14.28h61.71a31.99 31.99 0 0 0 26.64-14.28l17.09-25.69a31.989 31.989 0 0 0 5.36-17.69l.04-38.35H96.01l.05 38.35zM0 176c0 44.37 16.45 84.85 43.56 115.78 16.52 18.85 42.36 58.23 52.21 91.45.04.26.07.52.11.78h160.24c.04-.26.07-.51.11-.78 9.85-33.22 35.69-72.6 52.21-91.45C335.55 260.85 352 220.37 352 176 352 78.61 272.91-.3 175.45 0 73.44.31 0 82.97 0 176zm176-80c-44.11 0-80 35.89-80 80 0 8.84-7.16 16-16 16s-16-7.16-16-16c0-61.76 50.24-112 112-112 8.84 0 16 7.16 16 16s-7.16 16-16 16z",
            ],
            "iconName": "lightbulb",
            "prefix": "fas",
          }
        }
        inverse={false}
        listItem={false}
        mask={null}
        pull={null}
        pulse={false}
        rotation={null}
        size={null}
        spin={false}
        symbol={false}
        title=""
        transform={null}
      />
    </WithStyles(Fab)>
    <WithStyles(Fab)
      disabled={false}
      id="crt_pl_button"
      onClick={[Function]}
      title="Sorry you need to be logged to spotify to be able to add playlist"
    >
      <FontAwesomeIcon
        border={false}
        className=""
        fixedWidth={false}
        flip={null}
        icon={
          Object {
            "icon": Array [
              448,
              512,
              Array [],
              "f0c7",
              "M433.941 129.941l-83.882-83.882A48 48 0 0 0 316.118 32H48C21.49 32 0 53.49 0 80v352c0 26.51 21.49 48 48 48h352c26.51 0 48-21.49 48-48V163.882a48 48 0 0 0-14.059-33.941zM224 416c-35.346 0-64-28.654-64-64 0-35.346 28.654-64 64-64s64 28.654 64 64c0 35.346-28.654 64-64 64zm96-304.52V212c0 6.627-5.373 12-12 12H76c-6.627 0-12-5.373-12-12V108c0-6.627 5.373-12 12-12h228.52c3.183 0 6.235 1.264 8.485 3.515l3.48 3.48A11.996 11.996 0 0 1 320 111.48z",
            ],
            "iconName": "save",
            "prefix": "fas",
          }
        }
        inverse={false}
        listItem={false}
        mask={null}
        pull={null}
        pulse={false}
        rotation={null}
        size={null}
        spin={false}
        symbol={false}
        title=""
        transform={null}
      />
    </WithStyles(Fab)>
    <WithStyles(WithFormControlContext(FormControlLabel))
      control={
        <WithStyles(Checkbox)
          checked={false}
          color="primary"
          id="play_list_is_private"
          onChange={[Function]}
          value="private"
        />
      }
      label="private"
    />
  </div>
</div>
`;

exports[`<PlaylistForm/> start_click 1`] = `
<div
  className="playlist-form"
>
  <WithStyles(Button)
    color="primary"
    id="start_sp_button"
    onClick={[Function]}
    variant="contained"
  >
    start
  </WithStyles(Button)>
  <TextField
    error={true}
    onChange={[Function]}
    placeholder="playlist name"
    required={false}
    select={false}
    style={
      Object {
        "padding": "5px",
      }
    }
    value=""
    variant="standard"
  />
  <div
    style={
      Object {
        "alignSelf": "center",
      }
    }
  >
    <WithStyles(Fab)
      color="secondary"
      id="genName_sp_button"
      onClick={[Function]}
    >
      <FontAwesomeIcon
        border={false}
        className=""
        fixedWidth={false}
        flip={null}
        icon={
          Object {
            "icon": Array [
              352,
              512,
              Array [],
              "f0eb",
              "M96.06 454.35c.01 6.29 1.87 12.45 5.36 17.69l17.09 25.69a31.99 31.99 0 0 0 26.64 14.28h61.71a31.99 31.99 0 0 0 26.64-14.28l17.09-25.69a31.989 31.989 0 0 0 5.36-17.69l.04-38.35H96.01l.05 38.35zM0 176c0 44.37 16.45 84.85 43.56 115.78 16.52 18.85 42.36 58.23 52.21 91.45.04.26.07.52.11.78h160.24c.04-.26.07-.51.11-.78 9.85-33.22 35.69-72.6 52.21-91.45C335.55 260.85 352 220.37 352 176 352 78.61 272.91-.3 175.45 0 73.44.31 0 82.97 0 176zm176-80c-44.11 0-80 35.89-80 80 0 8.84-7.16 16-16 16s-16-7.16-16-16c0-61.76 50.24-112 112-112 8.84 0 16 7.16 16 16s-7.16 16-16 16z",
            ],
            "iconName": "lightbulb",
            "prefix": "fas",
          }
        }
        inverse={false}
        listItem={false}
        mask={null}
        pull={null}
        pulse={false}
        rotation={null}
        size={null}
        spin={false}
        symbol={false}
        title=""
        transform={null}
      />
    </WithStyles(Fab)>
    <WithStyles(Fab)
      disabled={false}
      id="crt_pl_button"
      onClick={[Function]}
      title="Sorry you need to be logged to spotify to be able to add playlist"
    >
      <FontAwesomeIcon
        border={false}
        className=""
        fixedWidth={false}
        flip={null}
        icon={
          Object {
            "icon": Array [
              448,
              512,
              Array [],
              "f0c7",
              "M433.941 129.941l-83.882-83.882A48 48 0 0 0 316.118 32H48C21.49 32 0 53.49 0 80v352c0 26.51 21.49 48 48 48h352c26.51 0 48-21.49 48-48V163.882a48 48 0 0 0-14.059-33.941zM224 416c-35.346 0-64-28.654-64-64 0-35.346 28.654-64 64-64s64 28.654 64 64c0 35.346-28.654 64-64 64zm96-304.52V212c0 6.627-5.373 12-12 12H76c-6.627 0-12-5.373-12-12V108c0-6.627 5.373-12 12-12h228.52c3.183 0 6.235 1.264 8.485 3.515l3.48 3.48A11.996 11.996 0 0 1 320 111.48z",
            ],
            "iconName": "save",
            "prefix": "fas",
          }
        }
        inverse={false}
        listItem={false}
        mask={null}
        pull={null}
        pulse={false}
        rotation={null}
        size={null}
        spin={false}
        symbol={false}
        title=""
        transform={null}
      />
    </WithStyles(Fab)>
    <WithStyles(WithFormControlContext(FormControlLabel))
      control={
        <WithStyles(Checkbox)
          checked={false}
          color="primary"
          id="play_list_is_private"
          onChange={[Function]}
          value="private"
        />
      }
      label="private"
    />
  </div>
</div>
`;
